// Jest Snapshot v1, https://goo.gl/fbAQLP

exports[`validate using a snapshot 1`] = `
Array [
  Object {
    "name": "Dynaguy",
    "powers": Array [
      "disintegration ray",
      "fly",
    ],
  },
]
`;
